// Jest Snapshot v1, https://goo.gl/fbAQLP

exports[`Homepage renders page 1`] = `
<div>
  <div
    class="flex min-h-screen flex-col items-center justify-center py-2"
  >
    <main>
      common:title
    </main>
  </div>
</div>
`;
